A51 MACRO ASSEMBLER  SERIALRECIEVE                                                        02/06/2021 15:38:51 PAGE     1


MACRO ASSEMBLER A51 V8.2.5.0
OBJECT MODULE PLACED IN .\Objects\SerialRecieve.obj
ASSEMBLER INVOKED BY: C:\Keil_v5\C51\BIN\A51.EXE SerialRecieve.asm SET(SMALL) DEBUG PRINT(.\Listings\SerialRecieve.lst) 
                      OBJECT(.\Objects\SerialRecieve.obj) EP

LOC  OBJ            LINE     SOURCE

0000                   1     ORG 0

0000 759850            2     MOV SCON, #50H        

0003 758920            3     MOV TMOD, #20H       

0006 758DFD            4     MOV TH1,#0FDH 

0009 D29C              5     SETB REN    

000B D28E              6     SETB TR1  

000D 3098FD            7     WAIT:JNB RI,WAIT   

0010 E599              8     MOV A,SBUF 

0012 F590              9     MOV P1,A 

0014 C298             10     CLR RI            

0016 C28E             11     CLR TR1

                      12     END      

A51 MACRO ASSEMBLER  SERIALRECIEVE                                                        02/06/2021 15:38:51 PAGE     2

SYMBOL TABLE LISTING
------ ----- -------


N A M E             T Y P E  V A L U E   ATTRIBUTES

P1 . . . . . . . .  D ADDR   0090H   A   
REN. . . . . . . .  B ADDR   0098H.4 A   
RI . . . . . . . .  B ADDR   0098H.0 A   
SBUF . . . . . . .  D ADDR   0099H   A   
SCON . . . . . . .  D ADDR   0098H   A   
TH1. . . . . . . .  D ADDR   008DH   A   
TMOD . . . . . . .  D ADDR   0089H   A   
TR1. . . . . . . .  B ADDR   0088H.6 A   
WAIT . . . . . . .  C ADDR   000DH   A   


REGISTER BANK(S) USED: 0 


ASSEMBLY COMPLETE.  0 WARNING(S), 0 ERROR(S)
