A51 MACRO ASSEMBLER  LOGICAL                                                              02/06/2021 14:22:24 PAGE     1


MACRO ASSEMBLER A51 V8.2.5.0
OBJECT MODULE PLACED IN .\Objects\logical.obj
ASSEMBLER INVOKED BY: C:\Keil_v5\C51\BIN\A51.EXE logical.asm SET(SMALL) DEBUG PRINT(.\Listings\logical.lst) OBJECT(.\Obj
                      ects\logical.obj) EP

LOC  OBJ            LINE     SOURCE

0000                   1     ORG 0000H

0000 78FF              2     MOV R0, #0FFH   

0002 7405              3     MOV A, #05H     

0004 58                4     ANL A, R0      

0005 F540              5     MOV 40H,A

0007 7455              6     MOV A,# 55H

0009 48                7     ORL A,R0

000A F541              8     MOV 41H,A

000C 7410              9     MOV A,#10H

000E 75F010           10     MOV B,#10H

0011 68               11     XRL A,R0

0012 F542             12     MOV 42H,A

0014 740F             13     MOV  A,#0FH

0016 F4               14     CPL A

0017 F544             15     MOV 44H,A

                      16     END 

A51 MACRO ASSEMBLER  LOGICAL                                                              02/06/2021 14:22:24 PAGE     2

SYMBOL TABLE LISTING
------ ----- -------


N A M E             T Y P E  V A L U E   ATTRIBUTES

B. . . . . . . . .  D ADDR   00F0H   A   


REGISTER BANK(S) USED: 0 


ASSEMBLY COMPLETE.  0 WARNING(S), 0 ERROR(S)
