A51 MACRO ASSEMBLER  SERIALCOMM                                                           02/06/2021 15:35:25 PAGE     1


MACRO ASSEMBLER A51 V8.2.5.0
OBJECT MODULE PLACED IN .\Objects\SerialComm.obj
ASSEMBLER INVOKED BY: C:\Keil_v5\C51\BIN\A51.EXE SerialComm.asm SET(SMALL) DEBUG PRINT(.\Listings\SerialComm.lst) OBJECT
                      (.\Objects\SerialComm.obj) EP

LOC  OBJ            LINE     SOURCE

0200                   1     ORG 0200H      

0200 48454C4C          2             MYDATA: DB"HELLO WORLD",0 ; Null termination '0x00'

0204 4F20574F                
0208 524C4400                
0000                   3     ORG 00H

0000 759850            4             MOV SCON,#50H        

0003 758920            5             MOV TMOD,#20H      

0006 758DFD            6             MOV TH1,#0FDH        

0009 D28E              7             SETB TR1   

000B 900200            8             MOV DPTR,#MYDATA   

000E                   9     BACK:

000E E4               10             CLR A

000F 93               11             MOVC A,@A+DPTR   

0010 600D             12             JZ STOP

0012 1117             13             ACALL SEND

0014 A3               14             INC DPTR

0015 80F7             15             SJMP BACK

0017                  16     SEND:

0017 F599             17             MOV SBUF,A

0019                  18     WAIT:

0019 3099FD           19             JNB TI, WAIT           

001C C299             20             CLR TI 

001E 22               21             RET        

001F                  22     STOP:

001F C28E             23             CLR TR1 

                      24     END

A51 MACRO ASSEMBLER  SERIALCOMM                                                           02/06/2021 15:35:25 PAGE     2

SYMBOL TABLE LISTING
------ ----- -------


N A M E             T Y P E  V A L U E   ATTRIBUTES

BACK . . . . . . .  C ADDR   000EH   A   
MYDATA . . . . . .  C ADDR   0200H   A   
SBUF . . . . . . .  D ADDR   0099H   A   
SCON . . . . . . .  D ADDR   0098H   A   
SEND . . . . . . .  C ADDR   0017H   A   
STOP . . . . . . .  C ADDR   001FH   A   
TH1. . . . . . . .  D ADDR   008DH   A   
TI . . . . . . . .  B ADDR   0098H.1 A   
TMOD . . . . . . .  D ADDR   0089H   A   
TR1. . . . . . . .  B ADDR   0088H.6 A   
WAIT . . . . . . .  C ADDR   0019H   A   


REGISTER BANK(S) USED: 0 


ASSEMBLY COMPLETE.  0 WARNING(S), 0 ERROR(S)
